// Jest Snapshot v1, https://goo.gl/fbAQLP

exports[`formatMessage messages match expected format 1`] = `
"Error: hulu \`RobotError\`
https://my.apify.com/view/runs/123
\`\`\`{
    \\"0\\": \\"g\\",
    \\"1\\": \\"e\\",
    \\"2\\": \\"n\\",
    \\"3\\": \\"e\\",
    \\"4\\": \\"r\\",
    \\"5\\": \\"i\\",
    \\"6\\": \\"c\\",
    \\"7\\": \\" \\",
    \\"8\\": \\"e\\",
    \\"9\\": \\"r\\",
    \\"10\\": \\"r\\",
    \\"11\\": \\"o\\",
    \\"12\\": \\"r\\",
    \\"13\\": \\" \\",
    \\"14\\": \\"m\\",
    \\"15\\": \\"e\\",
    \\"16\\": \\"s\\",
    \\"17\\": \\"s\\",
    \\"18\\": \\"a\\",
    \\"19\\": \\"g\\",
    \\"20\\": \\"e\\",
    \\"name\\": \\"Robot.Error\\",
    \\"message\\": \\"generic error message\\",
    \\"stealth\\": true,
    \\"debug\\": true,
    \\"session\\": null,
    \\"type\\": \\"RobotError\\",
    \\"retry\\": false
}\`\`\`"
`;

exports[`formatMessage notifications exclude noisy messages from Playwright/Puppeteer 1`] = `
"Error: hulu \`RobotError\`
https://my.apify.com/view/runs/123
\`\`\`{
    \\"0\\": \\"\\\\n\\",
    \\"1\\": \\" \\",
    \\"2\\": \\" \\",
    \\"3\\": \\" \\",
    \\"4\\": \\" \\",
    \\"5\\": \\" \\",
    \\"6\\": \\" \\",
    \\"7\\": \\"p\\",
    \\"8\\": \\"a\\",
    \\"9\\": \\"g\\",
    \\"10\\": \\"e\\",
    \\"11\\": \\".\\",
    \\"12\\": \\"g\\",
    \\"13\\": \\"o\\",
    \\"14\\": \\"t\\",
    \\"15\\": \\"o\\",
    \\"16\\": \\":\\",
    \\"17\\": \\" \\",
    \\"18\\": \\"N\\",
    \\"19\\": \\"S\\",
    \\"20\\": \\"_\\",
    \\"21\\": \\"E\\",
    \\"22\\": \\"R\\",
    \\"23\\": \\"R\\",
    \\"24\\": \\"O\\",
    \\"25\\": \\"R\\",
    \\"26\\": \\"_\\",
    \\"27\\": \\"P\\",
    \\"28\\": \\"R\\",
    \\"29\\": \\"O\\",
    \\"30\\": \\"X\\",
    \\"31\\": \\"Y\\",
    \\"32\\": \\"_\\",
    \\"33\\": \\"B\\",
    \\"34\\": \\"A\\",
    \\"35\\": \\"D\\",
    \\"36\\": \\"_\\",
    \\"37\\": \\"G\\",
    \\"38\\": \\"A\\",
    \\"39\\": \\"T\\",
    \\"40\\": \\"E\\",
    \\"41\\": \\"W\\",
    \\"42\\": \\"A\\",
    \\"43\\": \\"Y\\",
    \\"44\\": \\"\\\\n\\",
    \\"45\\": \\"=\\",
    \\"46\\": \\"=\\",
    \\"47\\": \\"=\\",
    \\"48\\": \\"=\\",
    \\"49\\": \\"=\\",
    \\"50\\": \\"=\\",
    \\"51\\": \\"=\\",
    \\"52\\": \\"=\\",
    \\"53\\": \\"=\\",
    \\"54\\": \\"=\\",
    \\"55\\": \\"=\\",
    \\"56\\": \\"=\\",
    \\"57\\": \\"=\\",
    \\"58\\": \\"=\\",
    \\"59\\": \\"=\\",
    \\"60\\": \\"=\\",
    \\"61\\": \\"=\\",
    \\"62\\": \\"=\\",
    \\"63\\": \\"=\\",
    \\"64\\": \\"=\\",
    \\"65\\": \\"=\\",
    \\"66\\": \\"=\\",
    \\"67\\": \\"=\\",
    \\"68\\": \\"=\\",
    \\"69\\": \\"=\\",
    \\"70\\": \\"=\\",
    \\"71\\": \\"=\\",
    \\"72\\": \\" \\",
    \\"73\\": \\"l\\",
    \\"74\\": \\"o\\",
    \\"75\\": \\"g\\",
    \\"76\\": \\"s\\",
    \\"77\\": \\" \\",
    \\"78\\": \\"=\\",
    \\"79\\": \\"=\\",
    \\"80\\": \\"=\\",
    \\"81\\": \\"=\\",
    \\"82\\": \\"=\\",
    \\"83\\": \\"=\\",
    \\"84\\": \\"=\\",
    \\"85\\": \\"=\\",
    \\"86\\": \\"=\\",
    \\"87\\": \\"=\\",
    \\"88\\": \\"=\\",
    \\"89\\": \\"=\\",
    \\"90\\": \\"=\\",
    \\"91\\": \\"=\\",
    \\"92\\": \\"=\\",
    \\"93\\": \\"=\\",
    \\"94\\": \\"=\\",
    \\"95\\": \\"=\\",
    \\"96\\": \\"=\\",
    \\"97\\": \\"=\\",
    \\"98\\": \\"=\\",
    \\"99\\": \\"=\\",
    \\"100\\": \\"=\\",
    \\"101\\": \\"=\\",
    \\"102\\": \\"=\\",
    \\"103\\": \\"=\\",
    \\"104\\": \\"=\\",
    \\"105\\": \\"\\\\n\\",
    \\"106\\": \\"n\\",
    \\"107\\": \\"a\\",
    \\"108\\": \\"v\\",
    \\"109\\": \\"i\\",
    \\"110\\": \\"g\\",
    \\"111\\": \\"a\\",
    \\"112\\": \\"t\\",
    \\"113\\": \\"i\\",
    \\"114\\": \\"n\\",
    \\"115\\": \\"g\\",
    \\"116\\": \\" \\",
    \\"117\\": \\"t\\",
    \\"118\\": \\"o\\",
    \\"119\\": \\" \\",
    \\"120\\": \\"\\\\\\"\\",
    \\"121\\": \\"h\\",
    \\"122\\": \\"t\\",
    \\"123\\": \\"t\\",
    \\"124\\": \\"p\\",
    \\"125\\": \\"s\\",
    \\"126\\": \\":\\",
    \\"127\\": \\"/\\",
    \\"128\\": \\"/\\",
    \\"129\\": \\"a\\",
    \\"130\\": \\"u\\",
    \\"131\\": \\"t\\",
    \\"132\\": \\"h\\",
    \\"133\\": \\".\\",
    \\"134\\": \\"h\\",
    \\"135\\": \\"u\\",
    \\"136\\": \\"l\\",
    \\"137\\": \\"u\\",
    \\"138\\": \\".\\",
    \\"139\\": \\"c\\",
    \\"140\\": \\"o\\",
    \\"141\\": \\"m\\",
    \\"142\\": \\"/\\",
    \\"143\\": \\"w\\",
    \\"144\\": \\"e\\",
    \\"145\\": \\"b\\",
    \\"146\\": \\"/\\",
    \\"147\\": \\"l\\",
    \\"148\\": \\"o\\",
    \\"149\\": \\"g\\",
    \\"150\\": \\"i\\",
    \\"151\\": \\"n\\",
    \\"152\\": \\"\\\\\\"\\",
    \\"153\\": \\",\\",
    \\"154\\": \\" \\",
    \\"155\\": \\"w\\",
    \\"156\\": \\"a\\",
    \\"157\\": \\"i\\",
    \\"158\\": \\"t\\",
    \\"159\\": \\"i\\",
    \\"160\\": \\"n\\",
    \\"161\\": \\"g\\",
    \\"162\\": \\" \\",
    \\"163\\": \\"u\\",
    \\"164\\": \\"n\\",
    \\"165\\": \\"t\\",
    \\"166\\": \\"i\\",
    \\"167\\": \\"l\\",
    \\"168\\": \\" \\",
    \\"169\\": \\"\\\\\\"\\",
    \\"170\\": \\"l\\",
    \\"171\\": \\"o\\",
    \\"172\\": \\"a\\",
    \\"173\\": \\"d\\",
    \\"174\\": \\"\\\\\\"\\",
    \\"175\\": \\"\\\\n\\",
    \\"176\\": \\"=\\",
    \\"177\\": \\"=\\",
    \\"178\\": \\"=\\",
    \\"179\\": \\"=\\",
    \\"180\\": \\"=\\",
    \\"181\\": \\"=\\",
    \\"182\\": \\"=\\",
    \\"183\\": \\"=\\",
    \\"184\\": \\"=\\",
    \\"185\\": \\"=\\",
    \\"186\\": \\"=\\",
    \\"187\\": \\"=\\",
    \\"188\\": \\"=\\",
    \\"189\\": \\"=\\",
    \\"190\\": \\"=\\",
    \\"191\\": \\"=\\",
    \\"192\\": \\"=\\",
    \\"193\\": \\"=\\",
    \\"194\\": \\"=\\",
    \\"195\\": \\"=\\",
    \\"196\\": \\"=\\",
    \\"197\\": \\"=\\",
    \\"198\\": \\"=\\",
    \\"199\\": \\"=\\",
    \\"200\\": \\"=\\",
    \\"201\\": \\"=\\",
    \\"202\\": \\"=\\",
    \\"203\\": \\"=\\",
    \\"204\\": \\"=\\",
    \\"205\\": \\"=\\",
    \\"206\\": \\"=\\",
    \\"207\\": \\"=\\",
    \\"208\\": \\"=\\",
    \\"209\\": \\"=\\",
    \\"210\\": \\"=\\",
    \\"211\\": \\"=\\",
    \\"212\\": \\"=\\",
    \\"213\\": \\"=\\",
    \\"214\\": \\"=\\",
    \\"215\\": \\"=\\",
    \\"216\\": \\"=\\",
    \\"217\\": \\"=\\",
    \\"218\\": \\"=\\",
    \\"219\\": \\"=\\",
    \\"220\\": \\"=\\",
    \\"221\\": \\"=\\",
    \\"222\\": \\"=\\",
    \\"223\\": \\"=\\",
    \\"224\\": \\"=\\",
    \\"225\\": \\"=\\",
    \\"226\\": \\"=\\",
    \\"227\\": \\"=\\",
    \\"228\\": \\"=\\",
    \\"229\\": \\"=\\",
    \\"230\\": \\"=\\",
    \\"231\\": \\"=\\",
    \\"232\\": \\"=\\",
    \\"233\\": \\"=\\",
    \\"234\\": \\"=\\",
    \\"235\\": \\"=\\",
    \\"236\\": \\"\\\\n\\",
    \\"237\\": \\"N\\",
    \\"238\\": \\"o\\",
    \\"239\\": \\"t\\",
    \\"240\\": \\"e\\",
    \\"241\\": \\":\\",
    \\"242\\": \\" \\",
    \\"243\\": \\"u\\",
    \\"244\\": \\"s\\",
    \\"245\\": \\"e\\",
    \\"246\\": \\" \\",
    \\"247\\": \\"D\\",
    \\"248\\": \\"E\\",
    \\"249\\": \\"B\\",
    \\"250\\": \\"U\\",
    \\"251\\": \\"G\\",
    \\"252\\": \\"=\\",
    \\"253\\": \\"p\\",
    \\"254\\": \\"w\\",
    \\"255\\": \\":\\",
    \\"256\\": \\"a\\",
    \\"257\\": \\"p\\",
    \\"258\\": \\"i\\",
    \\"259\\": \\" \\",
    \\"260\\": \\"e\\",
    \\"261\\": \\"n\\",
    \\"262\\": \\"v\\",
    \\"263\\": \\"i\\",
    \\"264\\": \\"r\\",
    \\"265\\": \\"o\\",
    \\"266\\": \\"n\\",
    \\"267\\": \\"m\\",
    \\"268\\": \\"e\\",
    \\"269\\": \\"n\\",
    \\"270\\": \\"t\\",
    \\"271\\": \\" \\",
    \\"272\\": \\"v\\",
    \\"273\\": \\"a\\",
    \\"274\\": \\"r\\",
    \\"275\\": \\"i\\",
    \\"276\\": \\"a\\",
    \\"277\\": \\"b\\",
    \\"278\\": \\"l\\",
    \\"279\\": \\"e\\",
    \\"280\\": \\" \\",
    \\"281\\": \\"t\\",
    \\"282\\": \\"o\\",
    \\"283\\": \\" \\",
    \\"284\\": \\"c\\",
    \\"285\\": \\"a\\",
    \\"286\\": \\"p\\",
    \\"287\\": \\"t\\",
    \\"288\\": \\"u\\",
    \\"289\\": \\"r\\",
    \\"290\\": \\"e\\",
    \\"291\\": \\" \\",
    \\"292\\": \\"P\\",
    \\"293\\": \\"l\\",
    \\"294\\": \\"a\\",
    \\"295\\": \\"y\\",
    \\"296\\": \\"w\\",
    \\"297\\": \\"r\\",
    \\"298\\": \\"i\\",
    \\"299\\": \\"g\\",
    \\"300\\": \\"h\\",
    \\"301\\": \\"t\\",
    \\"302\\": \\" \\",
    \\"303\\": \\"l\\",
    \\"304\\": \\"o\\",
    \\"305\\": \\"g\\",
    \\"306\\": \\"s\\",
    \\"307\\": \\".\\",
    \\"308\\": \\"\\\\n\\",
    \\"309\\": \\" \\",
    \\"310\\": \\" \\",
    \\"311\\": \\" \\",
    \\"312\\": \\" \\",
    \\"name\\": \\"Robot.Error\\",
    \\"message\\": \\"Scraper error message detected. Please visit the Apify run URL for error details.\\",
    \\"stealth\\": true,
    \\"debug\\": true,
    \\"session\\": null,
    \\"type\\": \\"RobotError\\",
    \\"retry\\": false
}\`\`\`"
`;
