// Jest Snapshot v1, https://goo.gl/fbAQLP

exports[`formatMessage messages match expected format 1`] = `
"Error: hulu \`RobotError\`
https://my.apify.com/view/runs/123
\`\`\`{
    \\"0\\": \\"g\\",
    \\"1\\": \\"e\\",
    \\"2\\": \\"n\\",
    \\"3\\": \\"e\\",
    \\"4\\": \\"r\\",
    \\"5\\": \\"i\\",
    \\"6\\": \\"c\\",
    \\"7\\": \\" \\",
    \\"8\\": \\"e\\",
    \\"9\\": \\"r\\",
    \\"10\\": \\"r\\",
    \\"11\\": \\"o\\",
    \\"12\\": \\"r\\",
    \\"13\\": \\" \\",
    \\"14\\": \\"m\\",
    \\"15\\": \\"e\\",
    \\"16\\": \\"s\\",
    \\"17\\": \\"s\\",
    \\"18\\": \\"a\\",
    \\"19\\": \\"g\\",
    \\"20\\": \\"e\\",
    \\"name\\": \\"Robot.Error\\",
    \\"stealth\\": true,
    \\"debug\\": true,
    \\"session\\": null,
    \\"type\\": \\"RobotError\\",
    \\"retry\\": false
}\`\`\`"
`;
